[20/02/2026 20:01:33] System.Windows.Markup.XamlParseException: 'L'invocation du constructeur sur le type 'Usely.MainWindow' qui correspond aux contraintes de liaison spécifiées a levé une exception.' numéro de ligne '3' et position de ligne '9'.
 ---> System.ArgumentException: Hwnd de zéro n'est pas valide.
   at System.Windows.Interop.HwndSource.CriticalFromHwnd(IntPtr hwnd)
   at Usely.Core.HotkeyManager..ctor(Window window) in C:\Users\Utilisateur\Desktop\ProjetPersonnel\Usely\Core\HotkeyManager.cs:line 29
   at Usely.MainWindow..ctor() in C:\Users\Utilisateur\Desktop\ProjetPersonnel\Usely\MainWindow.xaml.cs:line 15
   at System.RuntimeType.CreateInstanceDefaultCtor(Boolean publicOnly, Boolean wrapExceptions)
   --- End of inner exception stack trace ---
   at System.Windows.Markup.XamlReader.RewrapException(Exception e, IXamlLineInfo lineInfo, Uri baseUri)
   at System.Windows.Markup.WpfXamlLoader.Load(XamlReader xamlReader, IXamlObjectWriterFactory writerFactory, Boolean skipJournaledProperties, Object rootObject, XamlObjectWriterSettings settings, Uri baseUri)
   at System.Windows.Markup.WpfXamlLoader.LoadBaml(XamlReader xamlReader, Boolean skipJournaledProperties, Object rootObject, XamlAccessLevel accessLevel, Uri baseUri)
   at System.Windows.Markup.XamlReader.LoadBaml(Stream stream, ParserContext parserContext, Object parent, Boolean closeStream)
   at System.Windows.Application.LoadBamlStreamWithSyncInfo(Stream stream, ParserContext pc)
   at System.Windows.Application.DoStartup()
   at System.Windows.Application.<.ctor>b__1_0(Object unused)
   at System.Windows.Threading.ExceptionWrapper.InternalRealCall(Delegate callback, Object args, Int32 numArgs)
   at System.Windows.Threading.ExceptionWrapper.TryCatchWhen(Object source, Delegate callback, Object args, Int32 numArgs, Delegate catchHandler)

[02/03/2026 20:04:30] System.Windows.Markup.XamlParseException: 'La valeur fournie sur 'System.Windows.Baml2006.TypeConverterMarkupExtension' a levé une exception.' numéro de ligne '4' et position de ligne '9'.
 ---> System.FormatException: La chaîne '100%' ne peut pas être convertie en Length.
   at System.Windows.LengthConverter.ParseDouble(ReadOnlySpan`1 span, CultureInfo cultureInfo)
   at System.Windows.LengthConverter.FromString(String s, CultureInfo cultureInfo)
   at System.Windows.LengthConverter.ConvertFrom(ITypeDescriptorContext typeDescriptorContext, CultureInfo cultureInfo, Object source)
   at MS.Internal.Xaml.Runtime.ClrObjectRuntime.CallProvideValue(MarkupExtension me, IServiceProvider serviceProvider)
   --- End of inner exception stack trace ---
   at System.Windows.Markup.XamlReader.RewrapException(Exception e, IXamlLineInfo lineInfo, Uri baseUri)
   at System.Windows.Markup.WpfXamlLoader.Load(XamlReader xamlReader, IXamlObjectWriterFactory writerFactory, Boolean skipJournaledProperties, Object rootObject, XamlObjectWriterSettings settings, Uri baseUri)
   at System.Windows.Markup.WpfXamlLoader.LoadBaml(XamlReader xamlReader, Boolean skipJournaledProperties, Object rootObject, XamlAccessLevel accessLevel, Uri baseUri)
   at System.Windows.Markup.XamlReader.LoadBaml(Stream stream, ParserContext parserContext, Object parent, Boolean closeStream)
   at System.Windows.Application.LoadComponent(Object component, Uri resourceLocator)
   at Usely.Views.DrawingToolbar.InitializeComponent() in C:\Users\Utilisateur\Desktop\ProjetPersonnel\Usely\Views\DrawingMode\DrawingToolbar.xaml:line 1
   at Usely.Views.DrawingToolbar..ctor() in C:\Users\Utilisateur\Desktop\ProjetPersonnel\Usely\Views\DrawingMode\DrawingToolbar.xaml.cs:line 9
   at Usely.Core.HotkeyManager..ctor(MainWindow window) in C:\Users\Utilisateur\Desktop\ProjetPersonnel\Usely\Core\HotkeyManager.cs:line 38
   at Usely.MainWindow.MainWindow_SourceInitialized(Object sender, EventArgs e) in C:\Users\Utilisateur\Desktop\ProjetPersonnel\Usely\MainWindow.xaml.cs:line 28
   at System.Windows.Window.CreateSourceWindow(Boolean duringShow)
   at System.Windows.Window.ShowHelper(Object booleanBox)
   at System.Windows.Threading.ExceptionWrapper.InternalRealCall(Delegate callback, Object args, Int32 numArgs)
   at System.Windows.Threading.ExceptionWrapper.TryCatchWhen(Object source, Delegate callback, Object args, Int32 numArgs, Delegate catchHandler)

[02/03/2026 20:05:42] System.Windows.Markup.XamlParseException: 'La valeur fournie sur 'System.Windows.Baml2006.TypeConverterMarkupExtension' a levé une exception.' numéro de ligne '4' et position de ligne '9'.
 ---> System.FormatException: La chaîne '100%' ne peut pas être convertie en Length.
   at System.Windows.LengthConverter.ParseDouble(ReadOnlySpan`1 span, CultureInfo cultureInfo)
   at System.Windows.LengthConverter.FromString(String s, CultureInfo cultureInfo)
   at System.Windows.LengthConverter.ConvertFrom(ITypeDescriptorContext typeDescriptorContext, CultureInfo cultureInfo, Object source)
   at MS.Internal.Xaml.Runtime.ClrObjectRuntime.CallProvideValue(MarkupExtension me, IServiceProvider serviceProvider)
   --- End of inner exception stack trace ---
   at System.Windows.Markup.XamlReader.RewrapException(Exception e, IXamlLineInfo lineInfo, Uri baseUri)
   at System.Windows.Markup.WpfXamlLoader.Load(XamlReader xamlReader, IXamlObjectWriterFactory writerFactory, Boolean skipJournaledProperties, Object rootObject, XamlObjectWriterSettings settings, Uri baseUri)
   at System.Windows.Markup.WpfXamlLoader.LoadBaml(XamlReader xamlReader, Boolean skipJournaledProperties, Object rootObject, XamlAccessLevel accessLevel, Uri baseUri)
   at System.Windows.Markup.XamlReader.LoadBaml(Stream stream, ParserContext parserContext, Object parent, Boolean closeStream)
   at System.Windows.Application.LoadComponent(Object component, Uri resourceLocator)
   at Usely.Views.DrawingToolbar.InitializeComponent() in C:\Users\Utilisateur\Desktop\ProjetPersonnel\Usely\Views\DrawingMode\DrawingToolbar.xaml:line 1
   at Usely.Views.DrawingToolbar..ctor() in C:\Users\Utilisateur\Desktop\ProjetPersonnel\Usely\Views\DrawingMode\DrawingToolbar.xaml.cs:line 9
   at Usely.Core.HotkeyManager..ctor(MainWindow window) in C:\Users\Utilisateur\Desktop\ProjetPersonnel\Usely\Core\HotkeyManager.cs:line 38
   at Usely.MainWindow.MainWindow_SourceInitialized(Object sender, EventArgs e) in C:\Users\Utilisateur\Desktop\ProjetPersonnel\Usely\MainWindow.xaml.cs:line 28
   at System.Windows.Window.CreateSourceWindow(Boolean duringShow)
   at System.Windows.Window.ShowHelper(Object booleanBox)
   at System.Windows.Threading.ExceptionWrapper.InternalRealCall(Delegate callback, Object args, Int32 numArgs)
   at System.Windows.Threading.ExceptionWrapper.TryCatchWhen(Object source, Delegate callback, Object args, Int32 numArgs, Delegate catchHandler)

